\BOOKMARK [1][-]{section.1}{\376\377\000Z\000m\000e\000n\000y\000\040\000o\000p\000r\000o\000t\000i\000\040\000Z\000a\000d\000a\000n\000i\000u\000\040\0001}{}% 1
\BOOKMARK [1][-]{section.2}{\376\377\000F\000y\000z\000i\000c\000k\000\375\000\040\000m\000o\000d\000e\000l\000\040\040\023\000\040\000i\000m\000p\000l\000e\000m\000e\000n\000t\000\341\000c\000i\000a}{}% 2
\BOOKMARK [2][-]{subsection.2.1}{\376\377\000Z\000o\000z\000n\000a\000m\000\040\000t\000a\000b\000u\000l\000i\000e\000k}{section.2}% 3
\BOOKMARK [2][-]{subsection.2.2}{\376\377\000Z\000a\000u\000j\000\355\000m\000a\000v\000\351\000\040\000i\000n\000t\000e\000g\000r\000i\000t\000n\000\351\000\040\000o\000b\000m\000e\000d\000z\000e\000n\000i\000a}{section.2}% 4
\BOOKMARK [2][-]{subsection.2.3}{\376\377\000S\000t\000r\000a\000t\000\351\000g\000i\000e\000\040\000O\000N\000\040\000D\000E\000L\000E\000T\000E}{section.2}% 5
\BOOKMARK [2][-]{subsection.2.4}{\376\377\000U\000k\000\341\001\176\000k\000a\000\040\000D\000D\000L}{section.2}% 6
\BOOKMARK [1][-]{section.3}{\376\377\000S\000e\000e\000d\000\040\000d\000\341\000t\000a}{}% 7
\BOOKMARK [2][-]{subsection.3.1}{\376\377\000S\000p\000\364\000s\000o\000b\000\040\000g\000e\000n\000e\000r\000o\000v\000a\000n\000i\000a}{section.3}% 8
\BOOKMARK [2][-]{subsection.3.2}{\376\377\000P\000o\001\015\000t\000y\000\040\000z\000\341\000z\000n\000a\000m\000o\000v}{section.3}% 9
\BOOKMARK [2][-]{subsection.3.3}{\376\377\000Z\000v\000o\000l\000e\000n\000\341\000\040\000d\000i\000s\000t\000r\000i\000b\000\372\000c\000i\000a}{section.3}% 10
\BOOKMARK [2][-]{subsection.3.4}{\376\377\000K\000o\000n\000z\000i\000s\000t\000e\000n\000c\000i\000a}{section.3}% 11
\BOOKMARK [1][-]{section.4}{\376\377\000P\000r\000o\000c\000e\000s\000\040\0001\000\040\040\023\000\040\000T\000r\000a\000n\000s\000a\000k\001\015\000n\000\375\000\040\000p\000r\000e\000d\000a\000j\000\040\000l\000\355\000s\000t\000k\000o\000v}{}% 12
\BOOKMARK [2][-]{subsection.4.1}{\376\377\000P\000o\000p\000i\000s\000\040\000a\000\040\000v\000\344\000z\000b\000a\000\040\000n\000a\000\040\000s\000c\000e\000n\000\341\000r}{section.4}% 13
\BOOKMARK [2][-]{subsection.4.2}{\376\377\000P\000o\000m\000o\000c\000n\000\375\000\040\000p\000o\000h\001\076\000a\000d\000:\000\040\000d\000o\000s\000t\000u\000p\000n\000\351\000\040\000s\000e\000d\000a\000d\000l\000\341}{section.4}% 14
\BOOKMARK [2][-]{subsection.4.3}{\376\377\000S\000Q\000L\000\040\000i\000m\000p\000l\000e\000m\000e\000n\000t\000\341\000c\000i\000a\000\040\000\050\000s\000a\000m\000o\000t\000n\000\375\000\040\000p\000r\000e\000d\000a\000j\000\051}{section.4}% 15
\BOOKMARK [2][-]{subsection.4.4}{\376\377\000U\000k\000\341\001\176\000k\000a\000\040\000s\000p\000u\000s\000t\000e\000n\000i\000a\000\040\000n\000a\000d\000\040\000s\000e\000e\000d\000\040\000d\000\341\000t\000a\000m\000i}{section.4}% 16
\BOOKMARK [2][-]{subsection.4.5}{\376\377\000I\000n\000d\000e\000x\000y\000\040\000p\000o\000d\000p\000o\000r\000u\000j\000\372\000c\000e\000\040\000t\000e\000n\000t\000o\000\040\000p\000r\000o\000c\000e\000s}{section.4}% 17
\BOOKMARK [1][-]{section.5}{\376\377\000P\000r\000o\000c\000e\000s\000\040\0002\000\040\040\023\000\040\001\140\000t\000a\000t\000i\000s\000t\000i\000k\000a\000\040\000p\000r\000e\000d\000a\000j\000n\000o\000s\000t\000i\000\040\000f\000i\000l\000m\000o\000v}{}% 18
\BOOKMARK [2][-]{subsection.5.1}{\376\377\000P\000o\000p\000i\000s\000\040\000a\000\040\000v\000\344\000z\000b\000a\000\040\000n\000a\000\040\000s\000c\000e\000n\000\341\000r}{section.5}% 19
\BOOKMARK [2][-]{subsection.5.2}{\376\377\000S\000Q\000L\000\040\000i\000m\000p\000l\000e\000m\000e\000n\000t\000\341\000c\000i\000a}{section.5}% 20
\BOOKMARK [2][-]{subsection.5.3}{\376\377\000U\000k\000\341\001\176\000k\000a\000\040\000s\000p\000u\000s\000t\000e\000n\000i\000a\000\040\000n\000a\000d\000\040\000s\000e\000e\000d\000\040\000d\000\341\000t\000a\000m\000i}{section.5}% 21
\BOOKMARK [2][-]{subsection.5.4}{\376\377\000I\000n\000d\000e\000x\000y\000\040\000p\000o\000d\000p\000o\000r\000u\000j\000\372\000c\000e\000\040\000t\000e\000n\000t\000o\000\040\000p\000r\000o\000c\000e\000s}{section.5}% 22
\BOOKMARK [1][-]{section.6}{\376\377\000V\000\375\000k\000o\000n\000n\000o\000s\001\145\000\040\000a\000\040\000i\000n\000d\000e\000x\000y}{}% 23
\BOOKMARK [2][-]{subsection.6.1}{\376\377\000Z\000o\000z\000n\000a\000m\000\040\000v\000y\000t\000v\000o\000r\000e\000n\000\375\000c\000h\000\040\000i\000n\000d\000e\000x\000o\000v}{section.6}% 24
\BOOKMARK [2][-]{subsection.6.2}{\376\377\000E\000X\000P\000L\000A\000I\000N\000\040\000\050\000A\000N\000A\000L\000Y\000Z\000E\000,\000\040\000B\000U\000F\000F\000E\000R\000S\000\051\000\040\040\023\000\040\000p\000r\000e\000d\000\040\000a\000\040\000p\000o\000\040\000p\000r\000i\000d\000a\000n\000\355\000\040\000i\000n\000d\000e\000x\000u}{section.6}% 25
\BOOKMARK [2][-]{subsection.6.3}{\376\377\000D\000o\000p\000y\000t\000y\000,\000\040\000k\000t\000o\000r\000\351\000\040\000z\000o\000s\000t\000a\000l\000i\000\040\000p\000o\000m\000a\000l\000\351}{section.6}% 26
\BOOKMARK [1][-]{section.7}{\376\377\000Z\000h\000o\000d\000n\000o\000t\000e\000n\000i\000e}{}% 27
